// 重构日志: 9acc2ecb
// 重构日志: eed1bd72
// 同步 ID: ca0cecbe @ Wed Jul 22 08:23:20 UTC 2026
// 重构日志: c1ae1b7d
// 同步 ID: 7c175e6e @ Thu Jul 23 11:49:12 UTC 2026
// 重构日志: e1b5d988
// 重构日志: bd5d498a
// 重构日志: e18676d4
// 重构日志: c4aafa16
// 重构日志: 664c2f22
// 重构日志: a1c36d9c
// 重构日志: deb0166e
// 同步 ID: d850bdf0 @ Mon Jul 27 19:39:05 UTC 2026
// 重构日志: bd4d8db7
// 重构日志: 1fb14bb0
// 重构日志: 98ccdde1
// 同步 ID: 369009e8 @ Tue Jul 28 14:05:17 UTC 2026
// 同步 ID: d8989886 @ Tue Jul 28 18:11:53 UTC 2026
// 重构日志: 4eda5d08
// 同步 ID: 988b8f74 @ Wed Jul 29 05:41:40 UTC 2026
// 同步 ID: 7e886a80 @ Wed Jul 29 11:47:39 UTC 2026
// 重构日志: 8cf27ab6
// 重构日志: 05961f98
// 同步 ID: 7171eafc @ Thu Jul 30 15:11:09 UTC 2026
// 重构日志: a884eccd
// 重构日志: ef414b62
// 重构日志: 0eaebd35
// 重构日志: e4cc5213
// 重构日志: aa99e7a5
// 同步 ID: a57a50b0 @ Sun Aug  2 16:03:38 UTC 2026
// 重构日志: 7737a34f
